current directory: /Users/michellestar/Documents/GitHub/hello-michelle-star.github.io/vendor/bundle/ruby/3.2.0/gems/http_parser.rb-0.8.0/ext/ruby_http_parser
/Users/michellestar/.rbenv/versions/3.2.9/bin/ruby extconf.rb
creating Makefile

current directory: /Users/michellestar/Documents/GitHub/hello-michelle-star.github.io/vendor/bundle/ruby/3.2.0/gems/http_parser.rb-0.8.0/ext/ruby_http_parser
make DESTDIR\= sitearchdir\=./.gem.20251001-9501-uaiopu sitelibdir\=./.gem.20251001-9501-uaiopu clean

current directory: /Users/michellestar/Documents/GitHub/hello-michelle-star.github.io/vendor/bundle/ruby/3.2.0/gems/http_parser.rb-0.8.0/ext/ruby_http_parser
make DESTDIR\= sitearchdir\=./.gem.20251001-9501-uaiopu sitelibdir\=./.gem.20251001-9501-uaiopu
compiling ruby_http_parser.c
ruby_http_parser.c:365:17: warning: comparison of integers of different signs: 'size_t' (aka 'unsigned long') and 'long' [-Wsign-compare]
  365 |     if (nparsed < len)
      |         ~~~~~~~ ^ ~~~
1 warning generated.
compiling ryah_http_parser.c
linking shared-object ruby_http_parser.bundle
ld: warning: ignoring duplicate libraries: '-lruby.3.2'

current directory: /Users/michellestar/Documents/GitHub/hello-michelle-star.github.io/vendor/bundle/ruby/3.2.0/gems/http_parser.rb-0.8.0/ext/ruby_http_parser
make DESTDIR\= sitearchdir\=./.gem.20251001-9501-uaiopu sitelibdir\=./.gem.20251001-9501-uaiopu install
/usr/bin/install -c -m 0755 ruby_http_parser.bundle ./.gem.20251001-9501-uaiopu

current directory: /Users/michellestar/Documents/GitHub/hello-michelle-star.github.io/vendor/bundle/ruby/3.2.0/gems/http_parser.rb-0.8.0/ext/ruby_http_parser
make DESTDIR\= sitearchdir\=./.gem.20251001-9501-uaiopu sitelibdir\=./.gem.20251001-9501-uaiopu clean
